// Jest Snapshot v1, https://goo.gl/fbAQLP

exports[`Unit Tests for PostCard component check if test matches snapshot 1`] = `
<div
  className="mb-4 rounded-md border border-gray-200 p-4 bg-white"
>
  <div
    className="mb-2 flex items-center"
  >
    <img
      alt="Pet Profile"
      className="mr-2 h-12 w-12 rounded-full"
      src="cat.jpg"
    />
    <span>
      Borat
    </span>
  </div>
  <img
    alt="Pet"
    className="mb-2 h-full w-full rounded-md object-cover"
    src="pfp.png"
  />
  <div
    className="flex items-center justify-between"
  >
    <button
      className="mr-2 flex items-center rounded-md px-4 py-2 bg-gray-300 text-gray-900"
      data-testid="like-bttn"
      onClick={[Function]}
    >
      <svg
        className="mr-1"
        data-testid="like-count"
        fill="currentColor"
        height="1em"
        stroke="currentColor"
        strokeWidth="0"
        style={
          {
            "color": undefined,
          }
        }
        viewBox="0 0 512 512"
        width="1em"
        xmlns="http://www.w3.org/2000/svg"
      >
        <path
          d="M462.3 62.6C407.5 15.9 326 24.3 275.7 76.2L256 96.5l-19.7-20.3C186.1 24.3 104.5 15.9 49.7 62.6c-62.8 53.6-66.1 149.8-9.9 207.9l193.5 199.8c12.5 12.9 32.8 12.9 45.3 0l193.5-199.8c56.3-58.1 53-154.3-9.8-207.9z"
        />
      </svg>
       
      100
    </button>
    <button
      className="flex items-center rounded-md bg-gray-300 px-4 py-2"
      data-testid="cmnt-bttn"
      onClick={[Function]}
    >
      <svg
        className="mr-1"
        fill="currentColor"
        height="1em"
        stroke="currentColor"
        strokeWidth="0"
        style={
          {
            "color": undefined,
          }
        }
        viewBox="0 0 512 512"
        width="1em"
        xmlns="http://www.w3.org/2000/svg"
      >
        <path
          d="M256 32C114.6 32 0 125.1 0 240c0 49.6 21.4 95 57 130.7C44.5 421.1 2.7 466 2.2 466.5c-2.2 2.3-2.8 5.7-1.5 8.7S4.8 480 8 480c66.3 0 116-31.8 140.6-51.4 32.7 12.3 69 19.4 107.4 19.4 141.4 0 256-93.1 256-208S397.4 32 256 32z"
        />
      </svg>
       
      14
    </button>
  </div>
</div>
`;
